<html>
<body>
<pre>
<h1>µVision Build Log</h1>
<h2>Tool Versions:</h2>
IDE-Version: µVision V5.18a
Copyright (C) 2016 ARM Ltd and ARM Germany GmbH. All rights reserved.
License Information: andre marcus, ubc, LIC=AK1Y8-3RUCS-KSJYM-XU4NT-LZ2PH-91W8A
 
Tool Versions:
Toolchain:       MDK-ARM Professional  Version: 5.18a
Toolchain Path:  C:\Keil_v5\ARM\ARMCC\Bin
C Compiler:      Armcc.exe V5.06 update 1 (build 61)
Assembler:       Armasm.exe V5.06 update 1 (build 61)
Linker/Locator:  ArmLink.exe V5.06 update 1 (build 61)
Library Manager: ArmAr.exe V5.06 update 1 (build 61)
Hex Converter:   FromElf.exe V5.06 update 1 (build 61)
CPU DLL:         SARMCM3.DLL V5.18a
Dialog DLL:      DCM.DLL V1.13.6.0
Target DLL:      STLink\ST-LINKIII-KEIL_SWO.dll V2.0.18.0
Dialog DLL:      TCM.DLL V1.14.8.0
 
<h2>Project:</h2>
C:\Users\Andre\Downloads\ADE7858\MDK-ARM\ADE7858.uvprojx
Project File Date:  12/22/2018

<h2>Output:</h2>
*** Using Compiler 'V5.06 update 1 (build 61)', folder: 'C:\Keil_v5\ARM\ARMCC\Bin'
Rebuild target 'ADE7858'
compiling main.c...
../Inc/ADE7858.h(153): warning:  #1-D: last line of file ends without a newline
  *****************************************************************************/
../Src/main.c: 1 warning, 0 errors
compiling stm32f4xx_it.c...
assembling startup_stm32f407xx.s...
compiling stm32f4xx_hal_msp.c...
compiling stm32f4xx_hal_i2c_ex.c...
compiling ADE7858.c...
../Inc/ADE7858.h(153): warning:  #1-D: last line of file ends without a newline
  *****************************************************************************/
..\Src\ADE7858.c(180): warning:  #550-D: variable "status" was set but never used
   uint8_t status;
..\Src\ADE7858.c(234): warning:  #550-D: variable "status" was set but never used
   uint8_t status;
..\Src\ADE7858.c(669): warning:  #1035-D: single-precision operand implicitly converted to double-precision
       if(tempfloat2>=0.5)
..\Src\ADE7858.c(698): warning:  #1035-D: single-precision operand implicitly converted to double-precision
       if(tempfloat2>=0.5)
..\Src\ADE7858.c(808): warning:  #1-D: last line of file ends without a newline
  }
..\Src\ADE7858.c: 6 warnings, 0 errors
compiling stm32f4xx_hal_flash_ramfunc.c...
compiling stm32f4xx_hal_pwr.c...
compiling stm32f4xx_hal_dma_ex.c...
compiling stm32f4xx_hal_dma.c...
compiling stm32f4xx_hal_rcc_ex.c...
compiling stm32f4xx_hal_tim.c...
compiling stm32f4xx_hal_cortex.c...
compiling stm32f4xx_hal_rcc.c...
compiling stm32f4xx_hal_tim_ex.c...
compiling stm32f4xx_hal_flash.c...
compiling stm32f4xx_hal_gpio.c...
compiling stm32f4xx_hal_i2c.c...
compiling stm32f4xx_hal.c...
compiling system_stm32f4xx.c...
compiling stm32f4xx_hal_flash_ex.c...
compiling stm32f4xx_hal_pwr_ex.c...
linking...
Program Size: Code=6964 RO-data=448 RW-data=76 ZI-data=1196  
"ADE7858\ADE7858.axf" - 0 Error(s), 7 Warning(s).

<h2>Software Packages used:</h2>

Package Vendor: ARM
                http://www.keil.com/pack/ARM.CMSIS.5.5.1.pack
                ARM::CMSIS:CORE:5.2.0
                CMSIS (Cortex Microcontroller Software Interface Standard)
   * Component: CORE Version: 5.2.0

<h2>Collection of Component include folders:</h2>
  C:\Users\Andre\Downloads\ADE7858\MDK-ARM\RTE
  C:\Keil_v5\ARM\PACK\ARM\CMSIS\5.5.1\CMSIS\Core\Include
  C:\Keil_v5\ARM\PACK\Keil\STM32F4xx_DFP\2.13.0\Drivers\CMSIS\Device\ST\STM32F4xx\Include

<h2>Collection of Component Files used:</h2>

   * Component: ARM::CMSIS:CORE:5.2.0
Build Time Elapsed:  00:03:22
</pre>
</body>
</html>
